  Γû▓ Next.js 14.2.0
  - Environments: .env

   Creating an optimized production build ...
node.exe : Failed to compile.
At line:1 char:1
+ & "C:\Program 
Files\nodejs/node.exe" 
"C:\Users\harsh\AppData\Roaming\ 
...
+ ~~~~~~~~~~~~~~~~~~~~~~~~~~~~~~~
~~~~~~~~~~~~~~~~~~~~~~~~~~~~~~~~~
~~~~~
    + CategoryInfo          : No 
   tSpecified: (Failed to compi  
  le.:String) [], RemoteExcept   
 ion
    + FullyQualifiedErrorId : Na 
   tiveCommandError
 

./app/admin/bookings/new/page.tsx
Error: 
  [31mx[0m Expression expected
     ,-[[36;1;4mC:\Users\harsh\O
neDrive\Desktop\New folder (5)\ze
nburgproject\zenbourg-admin\app\a
dmin\bookings\new\page.tsx[0m:92
3:1]
 [2m923[0m |     )
 [2m924[0m | }
 [2m925[0m | 
 [2m926[0m |         </div >
     : [31;1m         ^[0m
 [2m927[0m |     )
 [2m928[0m | }
 [2m928[0m | 
     `----

  [31mx[0m Expression expected
     ,-[[36;1;4mC:\Users\harsh\O
neDrive\Desktop\New folder (5)\ze
nburgproject\zenbourg-admin\app\a
dmin\bookings\new\page.tsx[0m:92
4:1]
 [2m924[0m | }
 [2m925[0m | 
 [2m926[0m |         </div >
 [2m927[0m |     )
     : [31;1m    ^[0m
 [2m928[0m | }
 [2m929[0m | 
     `----

Caused by:
    Syntax Error

Import trace for requested 
module:
./app/admin/bookings/new/page.tsx


> Build failed because of 
webpack errors
