  Γû▓ Next.js 14.2.0
  - Environments: .env

   Creating an optimized production build ...
 Γ£ô Compiled successfully
   Skipping validation of types
   Skipping linting
   Collecting page data ...
   Generating static pages (0/36) ...
   Generating static pages (9/36) 
   Generating static pages (18/36) 
   Generating static pages (27/36) 
 Γ£ô Generating static pages (36/36)
   Finalizing page optimization ...
   Collecting build traces ...

Route (app)                              Size     First Load JS
Γöî Γùï /                                    301 B          94.5 kB
Γö£ Γùï /_not-found                          879 B          88.2 kB
Γö£ Γùï /admin/attendance                    6.79 kB         125 kB
Γö£ Γùï /admin/bookings                      6.37 kB         109 kB
Γö£ Γùï /admin/bookings/new                  10.4 kB         113 kB
Γö£ Γùï /admin/checkin                       7.7 kB          111 kB
Γö£ Γùï /admin/content                       10 kB           122 kB
Γö£ Γùï /admin/content/amenities             4.36 kB         101 kB
Γö£ Γùï /admin/content/menu                  3.77 kB         106 kB
Γö£ Γùï /admin/content/policies              3.35 kB         100 kB
Γö£ Γùï /admin/dashboard                     7.3 kB          120 kB
Γö£ Γùï /admin/guests                        6.28 kB         109 kB
Γö£ ╞Æ /admin/guests/[id]                   7.21 kB         110 kB
Γö£ Γùï /admin/login                         4.01 kB         117 kB
Γö£ Γùï /admin/lost-found                    6.5 kB          101 kB
Γö£ ╞Æ /admin/lost-found/[id]               6.9 kB          101 kB
Γö£ Γùï /admin/payroll                       7.9 kB          120 kB
Γö£ ╞Æ /admin/payroll/salary-slip/[id]      5.44 kB          99 kB
Γö£ Γùï /admin/properties                    5.07 kB         102 kB
Γö£ Γùï /admin/register                      4.11 kB         117 kB
Γö£ Γùï /admin/reports                       113 kB          226 kB
Γö£ Γùï /admin/rooms                         8.27 kB         105 kB
Γö£ Γùï /admin/services                      8.77 kB         105 kB
Γö£ ╞Æ /admin/services/[id]                 7.54 kB         117 kB
Γö£ Γùï /admin/settings                      16.7 kB         123 kB
Γö£ Γùï /admin/staff                         6.36 kB         119 kB
Γö£ ╞Æ /admin/staff/[id]                    7.84 kB         110 kB
Γö£ ╞Æ /api/admin/bookings                  0 B                0 B
Γö£ ╞Æ /api/admin/bookings/status           0 B                0 B
Γö£ ╞Æ /api/admin/checkin                   0 B                0 B
Γö£ ╞Æ /api/admin/content/amenities         0 B                0 B
Γö£ ╞Æ /api/admin/content/gallery           0 B                0 B
Γö£ ╞Æ /api/admin/content/general           0 B                0 B
Γö£ ╞Æ /api/admin/content/menu              0 B                0 B
Γö£ ╞Æ /api/admin/content/policies          0 B                0 B
Γö£ ╞Æ /api/admin/content/wellness          0 B                0 B
Γö£ ╞Æ /api/admin/dashboard                 0 B                0 B
Γö£ ╞Æ /api/admin/guests                    0 B                0 B
Γö£ ╞Æ /api/admin/guests/[id]               0 B                0 B
Γö£ ╞Æ /api/admin/guests/[id]/detail        0 B                0 B
Γö£ ╞Æ /api/admin/guests/upload             0 B                0 B
Γö£ ╞Æ /api/admin/payroll                   0 B                0 B
Γö£ ╞Æ /api/admin/properties                0 B                0 B
Γö£ ╞Æ /api/admin/properties/hierarchy      0 B                0 B
Γö£ ╞Æ /api/admin/reports                   0 B                0 B
Γö£ ╞Æ /api/admin/rooms                     0 B                0 B
Γö£ ╞Æ /api/admin/rooms/[id]                0 B                0 B
Γö£ ╞Æ /api/admin/service-configs           0 B                0 B
Γö£ ╞Æ /api/admin/services                  0 B                0 B
Γö£ ╞Æ /api/admin/services/[id]             0 B                0 B
Γö£ ╞Æ /api/admin/services/assign           0 B                0 B
Γö£ ╞Æ /api/admin/settings/ops              0 B                0 B
Γö£ ╞Æ /api/admin/settings/payments         0 B                0 B
Γö£ ╞Æ /api/admin/settings/property         0 B                0 B
Γö£ ╞Æ /api/admin/settings/retention        0 B                0 B
Γö£ ╞Æ /api/admin/settings/roles            0 B                0 B
Γö£ ╞Æ /api/admin/staff                     0 B                0 B
Γö£ ╞Æ /api/admin/staff/[id]                0 B                0 B
Γö£ ╞Æ /api/admin/staff/[id]/leave          0 B                0 B
Γö£ ╞Æ /api/admin/staff/list                0 B                0 B
Γö£ ╞Æ /api/amenities                       0 B                0 B
Γö£ ╞Æ /api/attendance                      0 B                0 B
Γö£ ╞Æ /api/auth/[...nextauth]              0 B                0 B
Γö£ ╞Æ /api/auth/login                      0 B                0 B
Γö£ ╞Æ /api/auth/register                   0 B                0 B
Γö£ ╞Æ /api/auth/signup                     0 B                0 B
Γö£ ╞Æ /api/bookings                        0 B                0 B
Γö£ ╞Æ /api/bookings/guest                  0 B                0 B
Γö£ ╞Æ /api/dashboard/stats                 0 B                0 B
Γö£ ╞Æ /api/favorites                       0 B                0 B
Γö£ ╞Æ /api/guest/check-in                  0 B                0 B
Γö£ ╞Æ /api/guest/feedback                  0 B                0 B
Γö£ ╞Æ /api/guest/profile                   0 B                0 B
Γö£ ╞Æ /api/guest/services                  0 B                0 B
Γö£ ╞Æ /api/guest/services/my-requests      0 B                0 B
Γö£ ╞Æ /api/menu                            0 B                0 B
Γö£ ╞Æ /api/payroll                         0 B                0 B
Γö£ ╞Æ /api/payroll/[id]                    0 B                0 B
Γö£ ╞Æ /api/payroll/razorpay                0 B                0 B
Γö£ ╞Æ /api/receptionist/staff              0 B                0 B
Γö£ ╞Æ /api/receptionist/staff/add          0 B                0 B
Γö£ ╞Æ /api/rooms                           0 B                0 B
Γö£ ╞Æ /api/rooms/[id]                      0 B                0 B
Γö£ ╞Æ /api/services                        0 B                0 B
Γö£ ╞Æ /api/services/[id]                   0 B                0 B
Γö£ ╞Æ /api/staff                           0 B                0 B
Γö£ ╞Æ /api/staff/attendance                0 B                0 B
Γö£ ╞Æ /api/staff/me                        0 B                0 B
Γö£ ╞Æ /api/staff/tasks/[id]/complete       0 B                0 B
Γö£ Γùï /guest/check-in                      2.67 kB          90 kB
Γö£ Γùï /guest/dashboard                     301 B          94.5 kB
Γö£ Γùï /guest/feedback                      3.45 kB         100 kB
Γö£ Γùï /guest/my-requests                   2.89 kB        96.2 kB
Γö£ Γùï /guest/services                      3.34 kB         106 kB
Γö£ Γùï /receptionist/dashboard              3.62 kB         116 kB
Γö£ Γùï /receptionist/login                  3.27 kB         110 kB
Γö£ Γùï /receptionist/staff                  4.77 kB         107 kB
Γö£ Γùï /staff                               2.69 kB         105 kB
Γö£ Γùï /staff/login                         2.81 kB         109 kB
Γö£ Γùï /staff/profile                       1.91 kB        99.1 kB
Γöö Γùï /staff/tasks                         2.16 kB        98.8 kB
+ First Load JS shared by all            87.4 kB
  Γö£ chunks/7023-a42b3e28c5e3def3.js      31.5 kB
  Γö£ chunks/fd9d1056-12a65b1e7318b76e.js  53.6 kB
  Γöö other shared chunks (total)          2.23 kB


╞Æ Middleware                             50.3 kB

Γùï  (Static)   prerendered as static content
╞Æ  (Dynamic)  server-rendered on demand

